------------------------------------------------------------
Timing Analyzer Summary
------------------------------------------------------------

Type  : Slow 1100mV 85C Model Setup 'CLOCK_50'
Slack : -10.080
TNS   : -4369.601

Type  : Slow 1100mV 85C Model Hold 'CLOCK_50'
Slack : 0.466
TNS   : 0.000

Type  : Slow 1100mV 85C Model Recovery 'KEY[0]'
Slack : -3.918
TNS   : -3.918

Type  : Slow 1100mV 85C Model Recovery 'KEY[1]'
Slack : -3.893
TNS   : -3.893

Type  : Slow 1100mV 85C Model Removal 'KEY[1]'
Slack : 1.254
TNS   : 0.000

Type  : Slow 1100mV 85C Model Removal 'KEY[0]'
Slack : 1.448
TNS   : 0.000

Type  : Slow 1100mV 85C Model Minimum Pulse Width 'CLOCK_50'
Slack : -0.538
TNS   : -519.715

Type  : Slow 1100mV 85C Model Minimum Pulse Width 'KEY[1]'
Slack : -0.538
TNS   : -0.875

Type  : Slow 1100mV 85C Model Minimum Pulse Width 'KEY[0]'
Slack : -0.538
TNS   : -0.788

Type  : Slow 1100mV 0C Model Setup 'CLOCK_50'
Slack : -10.300
TNS   : -4271.468

Type  : Slow 1100mV 0C Model Hold 'CLOCK_50'
Slack : 0.489
TNS   : 0.000

Type  : Slow 1100mV 0C Model Recovery 'KEY[0]'
Slack : -4.157
TNS   : -4.157

Type  : Slow 1100mV 0C Model Recovery 'KEY[1]'
Slack : -4.124
TNS   : -4.124

Type  : Slow 1100mV 0C Model Removal 'KEY[1]'
Slack : 1.409
TNS   : 0.000

Type  : Slow 1100mV 0C Model Removal 'KEY[0]'
Slack : 1.521
TNS   : 0.000

Type  : Slow 1100mV 0C Model Minimum Pulse Width 'CLOCK_50'
Slack : -0.538
TNS   : -460.298

Type  : Slow 1100mV 0C Model Minimum Pulse Width 'KEY[1]'
Slack : -0.538
TNS   : -0.905

Type  : Slow 1100mV 0C Model Minimum Pulse Width 'KEY[0]'
Slack : -0.538
TNS   : -0.770

Type  : Fast 1100mV 85C Model Setup 'CLOCK_50'
Slack : -4.907
TNS   : -1993.537

Type  : Fast 1100mV 85C Model Hold 'CLOCK_50'
Slack : 0.182
TNS   : 0.000

Type  : Fast 1100mV 85C Model Recovery 'KEY[1]'
Slack : -1.524
TNS   : -1.524

Type  : Fast 1100mV 85C Model Recovery 'KEY[0]'
Slack : -1.484
TNS   : -1.484

Type  : Fast 1100mV 85C Model Removal 'KEY[0]'
Slack : 0.363
TNS   : 0.000

Type  : Fast 1100mV 85C Model Removal 'KEY[1]'
Slack : 0.378
TNS   : 0.000

Type  : Fast 1100mV 85C Model Minimum Pulse Width 'CLOCK_50'
Slack : -0.410
TNS   : -266.847

Type  : Fast 1100mV 85C Model Minimum Pulse Width 'KEY[0]'
Slack : -0.398
TNS   : -1.234

Type  : Fast 1100mV 85C Model Minimum Pulse Width 'KEY[1]'
Slack : -0.395
TNS   : -1.180

Type  : Fast 1100mV 0C Model Setup 'CLOCK_50'
Slack : -4.283
TNS   : -1726.256

Type  : Fast 1100mV 0C Model Hold 'CLOCK_50'
Slack : 0.173
TNS   : 0.000

Type  : Fast 1100mV 0C Model Recovery 'KEY[1]'
Slack : -1.301
TNS   : -1.301

Type  : Fast 1100mV 0C Model Recovery 'KEY[0]'
Slack : -1.280
TNS   : -1.280

Type  : Fast 1100mV 0C Model Removal 'KEY[1]'
Slack : 0.311
TNS   : 0.000

Type  : Fast 1100mV 0C Model Removal 'KEY[0]'
Slack : 0.312
TNS   : 0.000

Type  : Fast 1100mV 0C Model Minimum Pulse Width 'KEY[1]'
Slack : -0.461
TNS   : -1.437

Type  : Fast 1100mV 0C Model Minimum Pulse Width 'KEY[0]'
Slack : -0.455
TNS   : -1.457

Type  : Fast 1100mV 0C Model Minimum Pulse Width 'CLOCK_50'
Slack : -0.446
TNS   : -317.754

------------------------------------------------------------
