------------------------------------------------------------
Timing Analyzer Summary
------------------------------------------------------------

Type  : Slow 1100mV 85C Model Setup 'CLOCK_50'
Slack : -9.532
TNS   : -3847.080

Type  : Slow 1100mV 85C Model Hold 'CLOCK_50'
Slack : 0.534
TNS   : 0.000

Type  : Slow 1100mV 85C Model Recovery 'KEY[1]'
Slack : -4.226
TNS   : -4.226

Type  : Slow 1100mV 85C Model Recovery 'KEY[0]'
Slack : -4.120
TNS   : -4.120

Type  : Slow 1100mV 85C Model Removal 'KEY[0]'
Slack : 1.484
TNS   : 0.000

Type  : Slow 1100mV 85C Model Removal 'KEY[1]'
Slack : 1.566
TNS   : 0.000

Type  : Slow 1100mV 85C Model Minimum Pulse Width 'CLOCK_50'
Slack : -0.538
TNS   : -514.464

Type  : Slow 1100mV 85C Model Minimum Pulse Width 'KEY[0]'
Slack : -0.538
TNS   : -0.956

Type  : Slow 1100mV 85C Model Minimum Pulse Width 'KEY[1]'
Slack : -0.538
TNS   : -0.812

Type  : Slow 1100mV 0C Model Setup 'CLOCK_50'
Slack : -9.828
TNS   : -3749.889

Type  : Slow 1100mV 0C Model Hold 'CLOCK_50'
Slack : 0.555
TNS   : 0.000

Type  : Slow 1100mV 0C Model Recovery 'KEY[1]'
Slack : -4.468
TNS   : -4.468

Type  : Slow 1100mV 0C Model Recovery 'KEY[0]'
Slack : -4.319
TNS   : -4.319

Type  : Slow 1100mV 0C Model Removal 'KEY[0]'
Slack : 1.562
TNS   : 0.000

Type  : Slow 1100mV 0C Model Removal 'KEY[1]'
Slack : 1.654
TNS   : 0.000

Type  : Slow 1100mV 0C Model Minimum Pulse Width 'CLOCK_50'
Slack : -0.538
TNS   : -457.807

Type  : Slow 1100mV 0C Model Minimum Pulse Width 'KEY[0]'
Slack : -0.538
TNS   : -0.975

Type  : Slow 1100mV 0C Model Minimum Pulse Width 'KEY[1]'
Slack : -0.538
TNS   : -0.804

Type  : Fast 1100mV 85C Model Setup 'CLOCK_50'
Slack : -4.219
TNS   : -1741.134

Type  : Fast 1100mV 85C Model Hold 'CLOCK_50'
Slack : 0.198
TNS   : 0.000

Type  : Fast 1100mV 85C Model Recovery 'KEY[1]'
Slack : -1.693
TNS   : -1.693

Type  : Fast 1100mV 85C Model Recovery 'KEY[0]'
Slack : -1.557
TNS   : -1.557

Type  : Fast 1100mV 85C Model Removal 'KEY[0]'
Slack : 0.404
TNS   : 0.000

Type  : Fast 1100mV 85C Model Removal 'KEY[1]'
Slack : 0.559
TNS   : 0.000

Type  : Fast 1100mV 85C Model Minimum Pulse Width 'KEY[0]'
Slack : -0.470
TNS   : -1.489

Type  : Fast 1100mV 85C Model Minimum Pulse Width 'CLOCK_50'
Slack : -0.409
TNS   : -262.168

Type  : Fast 1100mV 85C Model Minimum Pulse Width 'KEY[1]'
Slack : -0.309
TNS   : -0.953

Type  : Fast 1100mV 0C Model Setup 'CLOCK_50'
Slack : -3.875
TNS   : -1504.404

Type  : Fast 1100mV 0C Model Hold 'CLOCK_50'
Slack : 0.189
TNS   : 0.000

Type  : Fast 1100mV 0C Model Recovery 'KEY[1]'
Slack : -1.453
TNS   : -1.453

Type  : Fast 1100mV 0C Model Recovery 'KEY[0]'
Slack : -1.346
TNS   : -1.346

Type  : Fast 1100mV 0C Model Removal 'KEY[0]'
Slack : 0.338
TNS   : 0.000

Type  : Fast 1100mV 0C Model Removal 'KEY[1]'
Slack : 0.479
TNS   : 0.000

Type  : Fast 1100mV 0C Model Minimum Pulse Width 'KEY[0]'
Slack : -0.527
TNS   : -1.691

Type  : Fast 1100mV 0C Model Minimum Pulse Width 'CLOCK_50'
Slack : -0.446
TNS   : -314.480

Type  : Fast 1100mV 0C Model Minimum Pulse Width 'KEY[1]'
Slack : -0.377
TNS   : -1.226

------------------------------------------------------------
