------------------------------------------------------------
Timing Analyzer Summary
------------------------------------------------------------

Type  : Slow 1100mV 85C Model Setup 'CLOCK_50'
Slack : -9.059
TNS   : -3852.538

Type  : Slow 1100mV 85C Model Hold 'CLOCK_50'
Slack : 0.469
TNS   : 0.000

Type  : Slow 1100mV 85C Model Recovery 'KEY[2]'
Slack : -4.968
TNS   : -4.968

Type  : Slow 1100mV 85C Model Recovery 'KEY[0]'
Slack : -4.551
TNS   : -4.551

Type  : Slow 1100mV 85C Model Recovery 'KEY[1]'
Slack : -4.512
TNS   : -4.512

Type  : Slow 1100mV 85C Model Removal 'KEY[1]'
Slack : 1.297
TNS   : 0.000

Type  : Slow 1100mV 85C Model Removal 'KEY[0]'
Slack : 1.590
TNS   : 0.000

Type  : Slow 1100mV 85C Model Removal 'KEY[2]'
Slack : 1.591
TNS   : 0.000

Type  : Slow 1100mV 85C Model Minimum Pulse Width 'CLOCK_50'
Slack : -0.538
TNS   : -518.248

Type  : Slow 1100mV 85C Model Minimum Pulse Width 'KEY[2]'
Slack : -0.538
TNS   : -0.979

Type  : Slow 1100mV 85C Model Minimum Pulse Width 'KEY[1]'
Slack : -0.538
TNS   : -0.976

Type  : Slow 1100mV 85C Model Minimum Pulse Width 'KEY[0]'
Slack : -0.538
TNS   : -0.863

Type  : Slow 1100mV 0C Model Setup 'CLOCK_50'
Slack : -9.277
TNS   : -3745.303

Type  : Slow 1100mV 0C Model Hold 'CLOCK_50'
Slack : 0.501
TNS   : 0.000

Type  : Slow 1100mV 0C Model Recovery 'KEY[2]'
Slack : -5.082
TNS   : -5.082

Type  : Slow 1100mV 0C Model Recovery 'KEY[0]'
Slack : -4.832
TNS   : -4.832

Type  : Slow 1100mV 0C Model Recovery 'KEY[1]'
Slack : -4.667
TNS   : -4.667

Type  : Slow 1100mV 0C Model Removal 'KEY[1]'
Slack : 1.401
TNS   : 0.000

Type  : Slow 1100mV 0C Model Removal 'KEY[2]'
Slack : 1.629
TNS   : 0.000

Type  : Slow 1100mV 0C Model Removal 'KEY[0]'
Slack : 1.695
TNS   : 0.000

Type  : Slow 1100mV 0C Model Minimum Pulse Width 'CLOCK_50'
Slack : -0.538
TNS   : -458.942

Type  : Slow 1100mV 0C Model Minimum Pulse Width 'KEY[2]'
Slack : -0.538
TNS   : -1.017

Type  : Slow 1100mV 0C Model Minimum Pulse Width 'KEY[1]'
Slack : -0.538
TNS   : -0.987

Type  : Slow 1100mV 0C Model Minimum Pulse Width 'KEY[0]'
Slack : -0.538
TNS   : -0.886

Type  : Fast 1100mV 85C Model Setup 'CLOCK_50'
Slack : -3.886
TNS   : -1678.944

Type  : Fast 1100mV 85C Model Hold 'CLOCK_50'
Slack : 0.183
TNS   : 0.000

Type  : Fast 1100mV 85C Model Recovery 'KEY[2]'
Slack : -1.914
TNS   : -1.914

Type  : Fast 1100mV 85C Model Recovery 'KEY[0]'
Slack : -1.783
TNS   : -1.783

Type  : Fast 1100mV 85C Model Recovery 'KEY[1]'
Slack : -1.637
TNS   : -1.637

Type  : Fast 1100mV 85C Model Removal 'KEY[1]'
Slack : 0.357
TNS   : 0.000

Type  : Fast 1100mV 85C Model Removal 'KEY[0]'
Slack : 0.523
TNS   : 0.000

Type  : Fast 1100mV 85C Model Removal 'KEY[2]'
Slack : 0.559
TNS   : 0.000

Type  : Fast 1100mV 85C Model Minimum Pulse Width 'KEY[1]'
Slack : -0.587
TNS   : -1.705

Type  : Fast 1100mV 85C Model Minimum Pulse Width 'KEY[2]'
Slack : -0.547
TNS   : -1.501

Type  : Fast 1100mV 85C Model Minimum Pulse Width 'KEY[0]'
Slack : -0.436
TNS   : -1.212

Type  : Fast 1100mV 85C Model Minimum Pulse Width 'CLOCK_50'
Slack : -0.409
TNS   : -266.114

Type  : Fast 1100mV 0C Model Setup 'CLOCK_50'
Slack : -3.499
TNS   : -1450.680

Type  : Fast 1100mV 0C Model Hold 'CLOCK_50'
Slack : 0.174
TNS   : 0.000

Type  : Fast 1100mV 0C Model Recovery 'KEY[2]'
Slack : -1.672
TNS   : -1.672

Type  : Fast 1100mV 0C Model Recovery 'KEY[0]'
Slack : -1.535
TNS   : -1.535

Type  : Fast 1100mV 0C Model Recovery 'KEY[1]'
Slack : -1.403
TNS   : -1.403

Type  : Fast 1100mV 0C Model Removal 'KEY[1]'
Slack : 0.309
TNS   : 0.000

Type  : Fast 1100mV 0C Model Removal 'KEY[0]'
Slack : 0.455
TNS   : 0.000

Type  : Fast 1100mV 0C Model Removal 'KEY[2]'
Slack : 0.466
TNS   : 0.000

Type  : Fast 1100mV 0C Model Minimum Pulse Width 'KEY[1]'
Slack : -0.639
TNS   : -1.913

Type  : Fast 1100mV 0C Model Minimum Pulse Width 'KEY[2]'
Slack : -0.608
TNS   : -1.749

Type  : Fast 1100mV 0C Model Minimum Pulse Width 'KEY[0]'
Slack : -0.502
TNS   : -1.479

Type  : Fast 1100mV 0C Model Minimum Pulse Width 'CLOCK_50'
Slack : -0.446
TNS   : -317.501

------------------------------------------------------------
