Analysis & Synthesis report for contador
Mon Oct 21 23:41:14 2024
Quartus Prime Version 20.1.0 Build 711 06/05/2020 SJ Lite Edition


---------------------
; Table of Contents ;
---------------------
  1. Legal Notice
  2. Analysis & Synthesis Summary
  3. Analysis & Synthesis Settings
  4. Parallel Compilation
  5. Analysis & Synthesis Source Files Read
  6. Analysis & Synthesis Resource Usage Summary
  7. Analysis & Synthesis Resource Utilization by Entity
  8. General Register Statistics
  9. Multiplexer Restructuring Statistics (Restructuring Performed)
 10. Parameter Settings for User Entity Instance: Top-level Entity: |contador
 11. Parameter Settings for User Entity Instance: CPU:U_CPU
 12. Parameter Settings for User Entity Instance: CPU:U_CPU|muxGenerico2x1:MUX_ULA
 13. Parameter Settings for User Entity Instance: CPU:U_CPU|muxGenerico4x1:MUX_JMP
 14. Parameter Settings for User Entity Instance: CPU:U_CPU|registradorGenerico:REGA
 15. Parameter Settings for User Entity Instance: CPU:U_CPU|registradorGenerico:REG_RETORNO
 16. Parameter Settings for User Entity Instance: CPU:U_CPU|registradorGenerico:PC
 17. Parameter Settings for User Entity Instance: CPU:U_CPU|somaConstante:incrementaPC
 18. Parameter Settings for User Entity Instance: CPU:U_CPU|ULASomaSub:ULA1
 19. Parameter Settings for User Entity Instance: memoriaROM:ROM1
 20. Parameter Settings for User Entity Instance: memoriaRAM:RAM1
 21. Parameter Settings for User Entity Instance: registradorGenerico:REG_LEDR
 22. Parameter Settings for User Entity Instance: registradorGenerico:REG_HEX0
 23. Parameter Settings for User Entity Instance: registradorGenerico:REG_HEX1
 24. Parameter Settings for User Entity Instance: registradorGenerico:REG_HEX2
 25. Parameter Settings for User Entity Instance: registradorGenerico:REG_HEX3
 26. Parameter Settings for User Entity Instance: registradorGenerico:REG_HEX4
 27. Parameter Settings for User Entity Instance: registradorGenerico:REG_HEX5
 28. Port Connectivity Checks: "flipFlop:FF_KEY2"
 29. Port Connectivity Checks: "flipFlop:FF_KEY1"
 30. Port Connectivity Checks: "flipFlop:FF_KEY0"
 31. Port Connectivity Checks: "conversorHex7Seg:DEC_HEX5"
 32. Port Connectivity Checks: "conversorHex7Seg:DEC_HEX4"
 33. Port Connectivity Checks: "conversorHex7Seg:DEC_HEX3"
 34. Port Connectivity Checks: "conversorHex7Seg:DEC_HEX2"
 35. Port Connectivity Checks: "conversorHex7Seg:DEC_HEX1"
 36. Port Connectivity Checks: "conversorHex7Seg:DEC_HEX0"
 37. Port Connectivity Checks: "registradorGenerico:REG_HEX5"
 38. Port Connectivity Checks: "registradorGenerico:REG_HEX4"
 39. Port Connectivity Checks: "registradorGenerico:REG_HEX3"
 40. Port Connectivity Checks: "registradorGenerico:REG_HEX2"
 41. Port Connectivity Checks: "registradorGenerico:REG_HEX1"
 42. Port Connectivity Checks: "registradorGenerico:REG_HEX0"
 43. Port Connectivity Checks: "flipFlop:FF_LED9"
 44. Port Connectivity Checks: "flipFlop:FF_LED8"
 45. Port Connectivity Checks: "registradorGenerico:REG_LEDR"
 46. Port Connectivity Checks: "decoder3x8:decoderEnderecos"
 47. Port Connectivity Checks: "decoder3x8:decoderBlocos"
 48. Port Connectivity Checks: "CPU:U_CPU|registradorGenerico:PC"
 49. Port Connectivity Checks: "CPU:U_CPU|muxGenerico4x1:MUX_JMP"
 50. Port Connectivity Checks: "CPU:U_CPU"
 51. Post-Synthesis Netlist Statistics for Top Partition
 52. Elapsed Time Per Partition
 53. Analysis & Synthesis Messages



----------------
; Legal Notice ;
----------------
Copyright (C) 2020  Intel Corporation. All rights reserved.
Your use of Intel Corporation's design tools, logic functions 
and other software and tools, and any partner logic 
functions, and any output files from any of the foregoing 
(including device programming or simulation files), and any 
associated documentation or information are expressly subject 
to the terms and conditions of the Intel Program License 
Subscription Agreement, the Intel Quartus Prime License Agreement,
the Intel FPGA IP License Agreement, or other applicable license
agreement, including, without limitation, that your use is for
the sole purpose of programming logic devices manufactured by
Intel and sold by Intel or its authorized distributors.  Please
refer to the applicable agreement for further details, at
https://fpgasoftware.intel.com/eula.



+-------------------------------------------------------------------------------+
; Analysis & Synthesis Summary                                                  ;
+---------------------------------+---------------------------------------------+
; Analysis & Synthesis Status     ; Successful - Mon Oct 21 23:41:14 2024       ;
; Quartus Prime Version           ; 20.1.0 Build 711 06/05/2020 SJ Lite Edition ;
; Revision Name                   ; contador                                    ;
; Top-level Entity Name           ; contador                                    ;
; Family                          ; Cyclone V                                   ;
; Logic utilization (in ALMs)     ; N/A                                         ;
; Total registers                 ; 579                                         ;
; Total pins                      ; 68                                          ;
; Total virtual pins              ; 0                                           ;
; Total block memory bits         ; 0                                           ;
; Total DSP Blocks                ; 0                                           ;
; Total HSSI RX PCSs              ; 0                                           ;
; Total HSSI PMA RX Deserializers ; 0                                           ;
; Total HSSI TX PCSs              ; 0                                           ;
; Total HSSI PMA TX Serializers   ; 0                                           ;
; Total PLLs                      ; 0                                           ;
; Total DLLs                      ; 0                                           ;
+---------------------------------+---------------------------------------------+


+---------------------------------------------------------------------------------------------------------------------------+
; Analysis & Synthesis Settings                                                                                             ;
+---------------------------------------------------------------------------------+--------------------+--------------------+
; Option                                                                          ; Setting            ; Default Value      ;
+---------------------------------------------------------------------------------+--------------------+--------------------+
; Device                                                                          ; 5CEBA4F23C7        ;                    ;
; Top-level entity name                                                           ; contador           ; contador           ;
; Family name                                                                     ; Cyclone V          ; Cyclone V          ;
; VHDL Show LMF Mapping Messages                                                  ; Off                ;                    ;
; VHDL Version                                                                    ; VHDL_2008          ; VHDL_1993          ;
; Use smart compilation                                                           ; Off                ; Off                ;
; Enable parallel Assembler and Timing Analyzer during compilation                ; On                 ; On                 ;
; Enable compact report table                                                     ; Off                ; Off                ;
; Restructure Multiplexers                                                        ; Auto               ; Auto               ;
; MLAB Add Timing Constraints For Mixed-Port Feed-Through Mode Setting Don't Care ; Off                ; Off                ;
; Create Debugging Nodes for IP Cores                                             ; Off                ; Off                ;
; Preserve fewer node names                                                       ; On                 ; On                 ;
; Intel FPGA IP Evaluation Mode                                                   ; Enable             ; Enable             ;
; Verilog Version                                                                 ; Verilog_2001       ; Verilog_2001       ;
; State Machine Processing                                                        ; Auto               ; Auto               ;
; Safe State Machine                                                              ; Off                ; Off                ;
; Extract Verilog State Machines                                                  ; On                 ; On                 ;
; Extract VHDL State Machines                                                     ; On                 ; On                 ;
; Ignore Verilog initial constructs                                               ; Off                ; Off                ;
; Iteration limit for constant Verilog loops                                      ; 5000               ; 5000               ;
; Iteration limit for non-constant Verilog loops                                  ; 250                ; 250                ;
; Add Pass-Through Logic to Inferred RAMs                                         ; On                 ; On                 ;
; Infer RAMs from Raw Logic                                                       ; On                 ; On                 ;
; Parallel Synthesis                                                              ; On                 ; On                 ;
; DSP Block Balancing                                                             ; Auto               ; Auto               ;
; NOT Gate Push-Back                                                              ; On                 ; On                 ;
; Power-Up Don't Care                                                             ; On                 ; On                 ;
; Remove Redundant Logic Cells                                                    ; Off                ; Off                ;
; Remove Duplicate Registers                                                      ; On                 ; On                 ;
; Ignore CARRY Buffers                                                            ; Off                ; Off                ;
; Ignore CASCADE Buffers                                                          ; Off                ; Off                ;
; Ignore GLOBAL Buffers                                                           ; Off                ; Off                ;
; Ignore ROW GLOBAL Buffers                                                       ; Off                ; Off                ;
; Ignore LCELL Buffers                                                            ; Off                ; Off                ;
; Ignore SOFT Buffers                                                             ; On                 ; On                 ;
; Limit AHDL Integers to 32 Bits                                                  ; Off                ; Off                ;
; Optimization Technique                                                          ; Balanced           ; Balanced           ;
; Carry Chain Length                                                              ; 70                 ; 70                 ;
; Auto Carry Chains                                                               ; On                 ; On                 ;
; Auto Open-Drain Pins                                                            ; On                 ; On                 ;
; Perform WYSIWYG Primitive Resynthesis                                           ; Off                ; Off                ;
; Auto ROM Replacement                                                            ; On                 ; On                 ;
; Auto RAM Replacement                                                            ; On                 ; On                 ;
; Auto DSP Block Replacement                                                      ; On                 ; On                 ;
; Auto Shift Register Replacement                                                 ; Auto               ; Auto               ;
; Allow Shift Register Merging across Hierarchies                                 ; Auto               ; Auto               ;
; Auto Clock Enable Replacement                                                   ; On                 ; On                 ;
; Strict RAM Replacement                                                          ; Off                ; Off                ;
; Allow Synchronous Control Signals                                               ; On                 ; On                 ;
; Force Use of Synchronous Clear Signals                                          ; Off                ; Off                ;
; Auto Resource Sharing                                                           ; Off                ; Off                ;
; Allow Any RAM Size For Recognition                                              ; Off                ; Off                ;
; Allow Any ROM Size For Recognition                                              ; Off                ; Off                ;
; Allow Any Shift Register Size For Recognition                                   ; Off                ; Off                ;
; Use LogicLock Constraints during Resource Balancing                             ; On                 ; On                 ;
; Ignore translate_off and synthesis_off directives                               ; Off                ; Off                ;
; Timing-Driven Synthesis                                                         ; On                 ; On                 ;
; Report Parameter Settings                                                       ; On                 ; On                 ;
; Report Source Assignments                                                       ; On                 ; On                 ;
; Report Connectivity Checks                                                      ; On                 ; On                 ;
; Ignore Maximum Fan-Out Assignments                                              ; Off                ; Off                ;
; Synchronization Register Chain Length                                           ; 3                  ; 3                  ;
; Power Optimization During Synthesis                                             ; Normal compilation ; Normal compilation ;
; HDL message level                                                               ; Level2             ; Level2             ;
; Suppress Register Optimization Related Messages                                 ; Off                ; Off                ;
; Number of Removed Registers Reported in Synthesis Report                        ; 5000               ; 5000               ;
; Number of Swept Nodes Reported in Synthesis Report                              ; 5000               ; 5000               ;
; Number of Inverted Registers Reported in Synthesis Report                       ; 100                ; 100                ;
; Clock MUX Protection                                                            ; On                 ; On                 ;
; Auto Gated Clock Conversion                                                     ; Off                ; Off                ;
; Block Design Naming                                                             ; Auto               ; Auto               ;
; SDC constraint protection                                                       ; Off                ; Off                ;
; Synthesis Effort                                                                ; Auto               ; Auto               ;
; Shift Register Replacement - Allow Asynchronous Clear Signal                    ; On                 ; On                 ;
; Pre-Mapping Resynthesis Optimization                                            ; Off                ; Off                ;
; Analysis & Synthesis Message Level                                              ; Medium             ; Medium             ;
; Disable Register Merging Across Hierarchies                                     ; Auto               ; Auto               ;
; Resource Aware Inference For Block RAM                                          ; On                 ; On                 ;
; Automatic Parallel Synthesis                                                    ; On                 ; On                 ;
; Partial Reconfiguration Bitstream ID                                            ; Off                ; Off                ;
+---------------------------------------------------------------------------------+--------------------+--------------------+


+------------------------------------------+
; Parallel Compilation                     ;
+----------------------------+-------------+
; Processors                 ; Number      ;
+----------------------------+-------------+
; Number detected on machine ; 20          ;
; Maximum allowed            ; 14          ;
;                            ;             ;
; Average used               ; 1.00        ;
; Maximum used               ; 14          ;
;                            ;             ;
; Usage by Processor         ; % Time Used ;
;     Processor 1            ; 100.0%      ;
;     Processor 2            ;   0.0%      ;
;     Processor 3            ;   0.0%      ;
;     Processor 4            ;   0.0%      ;
;     Processor 5            ;   0.0%      ;
;     Processor 6            ;   0.0%      ;
;     Processor 7            ;   0.0%      ;
;     Processor 8            ;   0.0%      ;
;     Processors 9-14        ;   0.0%      ;
+----------------------------+-------------+


+--------------------------------------------------------------------------------------------------------------------------------------------------------------------------------------+
; Analysis & Synthesis Source Files Read                                                                                                                                               ;
+----------------------------------+-----------------+-----------------+-----------------------------------------------------------------------------------------------------+---------+
; File Name with User-Entered Path ; Used in Netlist ; File Type       ; File Name with Absolute Path                                                                        ; Library ;
+----------------------------------+-----------------+-----------------+-----------------------------------------------------------------------------------------------------+---------+
; buffer_3_state_1porta.vhd        ; yes             ; User VHDL File  ; /home/brnoschsaloli/Documents/DesComp/projetos/descomp_projeto1/contador/buffer_3_state_1porta.vhd  ;         ;
; registradorGenerico.vhd          ; yes             ; User VHDL File  ; /home/brnoschsaloli/Documents/DesComp/projetos/descomp_projeto1/contador/registradorGenerico.vhd    ;         ;
; decoderInstru.vhd                ; yes             ; User VHDL File  ; /home/brnoschsaloli/Documents/DesComp/projetos/descomp_projeto1/contador/decoderInstru.vhd          ;         ;
; muxGenerico2x1.vhd               ; yes             ; User VHDL File  ; /home/brnoschsaloli/Documents/DesComp/projetos/descomp_projeto1/contador/muxGenerico2x1.vhd         ;         ;
; buffer_3_state_8portas.vhd       ; yes             ; User VHDL File  ; /home/brnoschsaloli/Documents/DesComp/projetos/descomp_projeto1/contador/buffer_3_state_8portas.vhd ;         ;
; edgeDetector.vhd                 ; yes             ; User VHDL File  ; /home/brnoschsaloli/Documents/DesComp/projetos/descomp_projeto1/contador/edgeDetector.vhd           ;         ;
; muxGenerico4x1.vhd               ; yes             ; User VHDL File  ; /home/brnoschsaloli/Documents/DesComp/projetos/descomp_projeto1/contador/muxGenerico4x1.vhd         ;         ;
; logicaDeDesvio.vhd               ; yes             ; User VHDL File  ; /home/brnoschsaloli/Documents/DesComp/projetos/descomp_projeto1/contador/logicaDeDesvio.vhd         ;         ;
; memoriaRAM.vhd                   ; yes             ; User VHDL File  ; /home/brnoschsaloli/Documents/DesComp/projetos/descomp_projeto1/contador/memoriaRAM.vhd             ;         ;
; conversorHex7Seg.vhd             ; yes             ; User VHDL File  ; /home/brnoschsaloli/Documents/DesComp/projetos/descomp_projeto1/contador/conversorHex7Seg.vhd       ;         ;
; memoriaR0M.vhd                   ; yes             ; User VHDL File  ; /home/brnoschsaloli/Documents/DesComp/projetos/descomp_projeto1/contador/memoriaR0M.vhd             ;         ;
; decoder3X8.vhd                   ; yes             ; User VHDL File  ; /home/brnoschsaloli/Documents/DesComp/projetos/descomp_projeto1/contador/decoder3X8.vhd             ;         ;
; CPU.vhd                          ; yes             ; User VHDL File  ; /home/brnoschsaloli/Documents/DesComp/projetos/descomp_projeto1/contador/CPU.vhd                    ;         ;
; somaConstante.vhd                ; yes             ; User VHDL File  ; /home/brnoschsaloli/Documents/DesComp/projetos/descomp_projeto1/contador/somaConstante.vhd          ;         ;
; flipFlop.vhd                     ; yes             ; User VHDL File  ; /home/brnoschsaloli/Documents/DesComp/projetos/descomp_projeto1/contador/flipFlop.vhd               ;         ;
; ULASomaSub.vhd                   ; yes             ; User VHDL File  ; /home/brnoschsaloli/Documents/DesComp/projetos/descomp_projeto1/contador/ULASomaSub.vhd             ;         ;
; contador.vhd                     ; yes             ; User VHDL File  ; /home/brnoschsaloli/Documents/DesComp/projetos/descomp_projeto1/contador/contador.vhd               ;         ;
+----------------------------------+-----------------+-----------------+-----------------------------------------------------------------------------------------------------+---------+


+--------------------------------------------------------------+
; Analysis & Synthesis Resource Usage Summary                  ;
+---------------------------------------------+----------------+
; Resource                                    ; Usage          ;
+---------------------------------------------+----------------+
; Estimate of Logic utilization (ALMs needed) ; 501            ;
;                                             ;                ;
; Combinational ALUT usage for logic          ; 551            ;
;     -- 7 input functions                    ; 2              ;
;     -- 6 input functions                    ; 337            ;
;     -- 5 input functions                    ; 43             ;
;     -- 4 input functions                    ; 80             ;
;     -- <=3 input functions                  ; 89             ;
;                                             ;                ;
; Dedicated logic registers                   ; 579            ;
;                                             ;                ;
; I/O pins                                    ; 68             ;
;                                             ;                ;
; Total DSP Blocks                            ; 0              ;
;                                             ;                ;
; Maximum fan-out node                        ; CLOCK_50~input ;
; Maximum fan-out                             ; 576            ;
; Total fan-out                               ; 4615           ;
; Average fan-out                             ; 3.65           ;
+---------------------------------------------+----------------+


+---------------------------------------------------------------------------------------------------------------------------------------------------------------------------------------------------------------------------------------------+
; Analysis & Synthesis Resource Utilization by Entity                                                                                                                                                                                         ;
+-----------------------------------------+---------------------+---------------------------+-------------------+------------+------+--------------+-----------------------------------------------------+---------------------+--------------+
; Compilation Hierarchy Node              ; Combinational ALUTs ; Dedicated Logic Registers ; Block Memory Bits ; DSP Blocks ; Pins ; Virtual Pins ; Full Hierarchy Name                                 ; Entity Name         ; Library Name ;
+-----------------------------------------+---------------------+---------------------------+-------------------+------------+------+--------------+-----------------------------------------------------+---------------------+--------------+
; |contador                               ; 551 (31)            ; 579 (0)                   ; 0                 ; 0          ; 68   ; 0            ; |contador                                           ; contador            ; work         ;
;    |CPU:U_CPU|                          ; 80 (0)              ; 27 (0)                    ; 0                 ; 0          ; 0    ; 0            ; |contador|CPU:U_CPU                                 ; CPU                 ; work         ;
;       |ULASomaSub:ULA1|                 ; 30 (30)             ; 0 (0)                     ; 0                 ; 0          ; 0    ; 0            ; |contador|CPU:U_CPU|ULASomaSub:ULA1                 ; ULASomaSub          ; work         ;
;       |decoderInstru:decoderI|          ; 8 (8)               ; 0 (0)                     ; 0                 ; 0          ; 0    ; 0            ; |contador|CPU:U_CPU|decoderInstru:decoderI          ; decoderInstru       ; work         ;
;       |flipFlop:FLAG|                   ; 7 (7)               ; 1 (1)                     ; 0                 ; 0          ; 0    ; 0            ; |contador|CPU:U_CPU|flipFlop:FLAG                   ; flipFlop            ; work         ;
;       |muxGenerico2x1:MUX_ULA|          ; 15 (15)             ; 0 (0)                     ; 0                 ; 0          ; 0    ; 0            ; |contador|CPU:U_CPU|muxGenerico2x1:MUX_ULA          ; muxGenerico2x1      ; work         ;
;       |muxGenerico4x1:MUX_JMP|          ; 11 (11)             ; 0 (0)                     ; 0                 ; 0          ; 0    ; 0            ; |contador|CPU:U_CPU|muxGenerico4x1:MUX_JMP          ; muxGenerico4x1      ; work         ;
;       |registradorGenerico:PC|          ; 0 (0)               ; 9 (9)                     ; 0                 ; 0          ; 0    ; 0            ; |contador|CPU:U_CPU|registradorGenerico:PC          ; registradorGenerico ; work         ;
;       |registradorGenerico:REGA|        ; 0 (0)               ; 8 (8)                     ; 0                 ; 0          ; 0    ; 0            ; |contador|CPU:U_CPU|registradorGenerico:REGA        ; registradorGenerico ; work         ;
;       |registradorGenerico:REG_RETORNO| ; 0 (0)               ; 9 (9)                     ; 0                 ; 0          ; 0    ; 0            ; |contador|CPU:U_CPU|registradorGenerico:REG_RETORNO ; registradorGenerico ; work         ;
;       |somaConstante:incrementaPC|      ; 9 (9)               ; 0 (0)                     ; 0                 ; 0          ; 0    ; 0            ; |contador|CPU:U_CPU|somaConstante:incrementaPC      ; somaConstante       ; work         ;
;    |conversorHex7Seg:DEC_HEX0|          ; 7 (7)               ; 0 (0)                     ; 0                 ; 0          ; 0    ; 0            ; |contador|conversorHex7Seg:DEC_HEX0                 ; conversorHex7Seg    ; work         ;
;    |conversorHex7Seg:DEC_HEX1|          ; 7 (7)               ; 0 (0)                     ; 0                 ; 0          ; 0    ; 0            ; |contador|conversorHex7Seg:DEC_HEX1                 ; conversorHex7Seg    ; work         ;
;    |conversorHex7Seg:DEC_HEX2|          ; 7 (7)               ; 0 (0)                     ; 0                 ; 0          ; 0    ; 0            ; |contador|conversorHex7Seg:DEC_HEX2                 ; conversorHex7Seg    ; work         ;
;    |conversorHex7Seg:DEC_HEX3|          ; 7 (7)               ; 0 (0)                     ; 0                 ; 0          ; 0    ; 0            ; |contador|conversorHex7Seg:DEC_HEX3                 ; conversorHex7Seg    ; work         ;
;    |conversorHex7Seg:DEC_HEX4|          ; 7 (7)               ; 0 (0)                     ; 0                 ; 0          ; 0    ; 0            ; |contador|conversorHex7Seg:DEC_HEX4                 ; conversorHex7Seg    ; work         ;
;    |conversorHex7Seg:DEC_HEX5|          ; 7 (7)               ; 0 (0)                     ; 0                 ; 0          ; 0    ; 0            ; |contador|conversorHex7Seg:DEC_HEX5                 ; conversorHex7Seg    ; work         ;
;    |decoder3x8:decoderBlocos|           ; 3 (3)               ; 0 (0)                     ; 0                 ; 0          ; 0    ; 0            ; |contador|decoder3x8:decoderBlocos                  ; decoder3x8          ; work         ;
;    |edgeDetector:DETECTORKEY0|          ; 2 (2)               ; 1 (1)                     ; 0                 ; 0          ; 0    ; 0            ; |contador|edgeDetector:DETECTORKEY0                 ; edgeDetector        ; work         ;
;    |edgeDetector:DETECTORKEY1|          ; 2 (2)               ; 1 (1)                     ; 0                 ; 0          ; 0    ; 0            ; |contador|edgeDetector:DETECTORKEY1                 ; edgeDetector        ; work         ;
;    |edgeDetector:DETECTORKEY2|          ; 2 (2)               ; 1 (1)                     ; 0                 ; 0          ; 0    ; 0            ; |contador|edgeDetector:DETECTORKEY2                 ; edgeDetector        ; work         ;
;    |flipFlop:FF_KEY0|                   ; 0 (0)               ; 1 (1)                     ; 0                 ; 0          ; 0    ; 0            ; |contador|flipFlop:FF_KEY0                          ; flipFlop            ; work         ;
;    |flipFlop:FF_KEY1|                   ; 0 (0)               ; 1 (1)                     ; 0                 ; 0          ; 0    ; 0            ; |contador|flipFlop:FF_KEY1                          ; flipFlop            ; work         ;
;    |flipFlop:FF_KEY2|                   ; 0 (0)               ; 1 (1)                     ; 0                 ; 0          ; 0    ; 0            ; |contador|flipFlop:FF_KEY2                          ; flipFlop            ; work         ;
;    |flipFlop:FF_LED8|                   ; 1 (1)               ; 1 (1)                     ; 0                 ; 0          ; 0    ; 0            ; |contador|flipFlop:FF_LED8                          ; flipFlop            ; work         ;
;    |flipFlop:FF_LED9|                   ; 1 (1)               ; 1 (1)                     ; 0                 ; 0          ; 0    ; 0            ; |contador|flipFlop:FF_LED9                          ; flipFlop            ; work         ;
;    |memoriaRAM:RAM1|                    ; 297 (297)           ; 512 (512)                 ; 0                 ; 0          ; 0    ; 0            ; |contador|memoriaRAM:RAM1                           ; memoriaRAM          ; work         ;
;    |memoriaROM:ROM1|                    ; 90 (90)             ; 0 (0)                     ; 0                 ; 0          ; 0    ; 0            ; |contador|memoriaROM:ROM1                           ; memoriaROM          ; work         ;
;    |registradorGenerico:REG_HEX0|       ; 0 (0)               ; 4 (4)                     ; 0                 ; 0          ; 0    ; 0            ; |contador|registradorGenerico:REG_HEX0              ; registradorGenerico ; work         ;
;    |registradorGenerico:REG_HEX1|       ; 0 (0)               ; 4 (4)                     ; 0                 ; 0          ; 0    ; 0            ; |contador|registradorGenerico:REG_HEX1              ; registradorGenerico ; work         ;
;    |registradorGenerico:REG_HEX2|       ; 0 (0)               ; 4 (4)                     ; 0                 ; 0          ; 0    ; 0            ; |contador|registradorGenerico:REG_HEX2              ; registradorGenerico ; work         ;
;    |registradorGenerico:REG_HEX3|       ; 0 (0)               ; 4 (4)                     ; 0                 ; 0          ; 0    ; 0            ; |contador|registradorGenerico:REG_HEX3              ; registradorGenerico ; work         ;
;    |registradorGenerico:REG_HEX4|       ; 0 (0)               ; 4 (4)                     ; 0                 ; 0          ; 0    ; 0            ; |contador|registradorGenerico:REG_HEX4              ; registradorGenerico ; work         ;
;    |registradorGenerico:REG_HEX5|       ; 0 (0)               ; 4 (4)                     ; 0                 ; 0          ; 0    ; 0            ; |contador|registradorGenerico:REG_HEX5              ; registradorGenerico ; work         ;
;    |registradorGenerico:REG_LEDR|       ; 0 (0)               ; 8 (8)                     ; 0                 ; 0          ; 0    ; 0            ; |contador|registradorGenerico:REG_LEDR              ; registradorGenerico ; work         ;
+-----------------------------------------+---------------------+---------------------------+-------------------+------------+------+--------------+-----------------------------------------------------+---------------------+--------------+
Note: For table entries with two numbers listed, the numbers in parentheses indicate the number of resources of the given type used by the specific entity alone. The numbers listed outside of parentheses indicate the total resources of the given type used by the specific entity and all of its sub-entities in the hierarchy.


+------------------------------------------------------+
; General Register Statistics                          ;
+----------------------------------------------+-------+
; Statistic                                    ; Value ;
+----------------------------------------------+-------+
; Total registers                              ; 579   ;
; Number of registers using Synchronous Clear  ; 0     ;
; Number of registers using Synchronous Load   ; 8     ;
; Number of registers using Asynchronous Clear ; 3     ;
; Number of registers using Asynchronous Load  ; 0     ;
; Number of registers using Clock Enable       ; 561   ;
; Number of registers using Preset             ; 0     ;
+----------------------------------------------+-------+


+-----------------------------------------------------------------------------------------------------------------------------------------------------------------------+
; Multiplexer Restructuring Statistics (Restructuring Performed)                                                                                                        ;
+--------------------+-----------+---------------+----------------------+------------------------+------------+---------------------------------------------------------+
; Multiplexer Inputs ; Bus Width ; Baseline Area ; Area if Restructured ; Saving if Restructured ; Registered ; Example Multiplexer Output                              ;
+--------------------+-----------+---------------+----------------------+------------------------+------------+---------------------------------------------------------+
; 4:1                ; 9 bits    ; 18 LEs        ; 18 LEs               ; 0 LEs                  ; Yes        ; |contador|CPU:U_CPU|registradorGenerico:PC|DOUT[4]      ;
; 3:1                ; 7 bits    ; 14 LEs        ; 14 LEs               ; 0 LEs                  ; No         ; |contador|CPU:U_CPU|muxGenerico2x1:MUX_ULA|saida_MUX[7] ;
; 3:1                ; 8 bits    ; 16 LEs        ; 16 LEs               ; 0 LEs                  ; No         ; |contador|CPU:U_CPU|ULASomaSub:ULA1|saida[3]            ;
; 16:1               ; 2 bits    ; 20 LEs        ; 14 LEs               ; 6 LEs                  ; No         ; |contador|CPU:U_CPU|decoderInstru:decoderI|saida[5]     ;
+--------------------+-----------+---------------+----------------------+------------------------+------------+---------------------------------------------------------+


+--------------------------------------------------------------------------+
; Parameter Settings for User Entity Instance: Top-level Entity: |contador ;
+----------------------+-------+-------------------------------------------+
; Parameter Name       ; Value ; Type                                      ;
+----------------------+-------+-------------------------------------------+
; larguraDados_ROM     ; 13    ; Signed Integer                            ;
; larguraEnderecos_ROM ; 9     ; Signed Integer                            ;
; larguraDados_RAM     ; 8     ; Signed Integer                            ;
; larguraEnderecos_OUT ; 9     ; Signed Integer                            ;
; larguraEnderecos_RAM ; 6     ; Signed Integer                            ;
; simulacao            ; false ; Enumerated                                ;
+----------------------+-------+-------------------------------------------+
Note: In order to hide this table in the UI and the text report file, please set the "Show Parameter Settings in Synthesis Report" option in "Analysis and Synthesis Settings -> More Settings" to "Off".


+--------------------------------------------------------+
; Parameter Settings for User Entity Instance: CPU:U_CPU ;
+----------------------+-------+-------------------------+
; Parameter Name       ; Value ; Type                    ;
+----------------------+-------+-------------------------+
; larguradados_rom     ; 13    ; Signed Integer          ;
; larguraenderecos_rom ; 9     ; Signed Integer          ;
; larguradados_ram     ; 8     ; Signed Integer          ;
; larguraenderecos_ram ; 6     ; Signed Integer          ;
; simulacao            ; true  ; Enumerated              ;
+----------------------+-------+-------------------------+
Note: In order to hide this table in the UI and the text report file, please set the "Show Parameter Settings in Synthesis Report" option in "Analysis and Synthesis Settings -> More Settings" to "Off".


+-------------------------------------------------------------------------------+
; Parameter Settings for User Entity Instance: CPU:U_CPU|muxGenerico2x1:MUX_ULA ;
+----------------+-------+------------------------------------------------------+
; Parameter Name ; Value ; Type                                                 ;
+----------------+-------+------------------------------------------------------+
; larguradados   ; 8     ; Signed Integer                                       ;
+----------------+-------+------------------------------------------------------+
Note: In order to hide this table in the UI and the text report file, please set the "Show Parameter Settings in Synthesis Report" option in "Analysis and Synthesis Settings -> More Settings" to "Off".


+-------------------------------------------------------------------------------+
; Parameter Settings for User Entity Instance: CPU:U_CPU|muxGenerico4x1:MUX_JMP ;
+----------------+-------+------------------------------------------------------+
; Parameter Name ; Value ; Type                                                 ;
+----------------+-------+------------------------------------------------------+
; larguradados   ; 9     ; Signed Integer                                       ;
+----------------+-------+------------------------------------------------------+
Note: In order to hide this table in the UI and the text report file, please set the "Show Parameter Settings in Synthesis Report" option in "Analysis and Synthesis Settings -> More Settings" to "Off".


+---------------------------------------------------------------------------------+
; Parameter Settings for User Entity Instance: CPU:U_CPU|registradorGenerico:REGA ;
+----------------+-------+--------------------------------------------------------+
; Parameter Name ; Value ; Type                                                   ;
+----------------+-------+--------------------------------------------------------+
; larguradados   ; 8     ; Signed Integer                                         ;
+----------------+-------+--------------------------------------------------------+
Note: In order to hide this table in the UI and the text report file, please set the "Show Parameter Settings in Synthesis Report" option in "Analysis and Synthesis Settings -> More Settings" to "Off".


+----------------------------------------------------------------------------------------+
; Parameter Settings for User Entity Instance: CPU:U_CPU|registradorGenerico:REG_RETORNO ;
+----------------+-------+---------------------------------------------------------------+
; Parameter Name ; Value ; Type                                                          ;
+----------------+-------+---------------------------------------------------------------+
; larguradados   ; 9     ; Signed Integer                                                ;
+----------------+-------+---------------------------------------------------------------+
Note: In order to hide this table in the UI and the text report file, please set the "Show Parameter Settings in Synthesis Report" option in "Analysis and Synthesis Settings -> More Settings" to "Off".


+-------------------------------------------------------------------------------+
; Parameter Settings for User Entity Instance: CPU:U_CPU|registradorGenerico:PC ;
+----------------+-------+------------------------------------------------------+
; Parameter Name ; Value ; Type                                                 ;
+----------------+-------+------------------------------------------------------+
; larguradados   ; 9     ; Signed Integer                                       ;
+----------------+-------+------------------------------------------------------+
Note: In order to hide this table in the UI and the text report file, please set the "Show Parameter Settings in Synthesis Report" option in "Analysis and Synthesis Settings -> More Settings" to "Off".


+-----------------------------------------------------------------------------------+
; Parameter Settings for User Entity Instance: CPU:U_CPU|somaConstante:incrementaPC ;
+----------------+-------+----------------------------------------------------------+
; Parameter Name ; Value ; Type                                                     ;
+----------------+-------+----------------------------------------------------------+
; larguradados   ; 9     ; Signed Integer                                           ;
; constante      ; 1     ; Signed Integer                                           ;
+----------------+-------+----------------------------------------------------------+
Note: In order to hide this table in the UI and the text report file, please set the "Show Parameter Settings in Synthesis Report" option in "Analysis and Synthesis Settings -> More Settings" to "Off".


+------------------------------------------------------------------------+
; Parameter Settings for User Entity Instance: CPU:U_CPU|ULASomaSub:ULA1 ;
+----------------+-------+-----------------------------------------------+
; Parameter Name ; Value ; Type                                          ;
+----------------+-------+-----------------------------------------------+
; larguradados   ; 8     ; Signed Integer                                ;
+----------------+-------+-----------------------------------------------+
Note: In order to hide this table in the UI and the text report file, please set the "Show Parameter Settings in Synthesis Report" option in "Analysis and Synthesis Settings -> More Settings" to "Off".


+--------------------------------------------------------------+
; Parameter Settings for User Entity Instance: memoriaROM:ROM1 ;
+----------------+-------+-------------------------------------+
; Parameter Name ; Value ; Type                                ;
+----------------+-------+-------------------------------------+
; datawidth      ; 13    ; Signed Integer                      ;
; addrwidth      ; 9     ; Signed Integer                      ;
+----------------+-------+-------------------------------------+
Note: In order to hide this table in the UI and the text report file, please set the "Show Parameter Settings in Synthesis Report" option in "Analysis and Synthesis Settings -> More Settings" to "Off".


+--------------------------------------------------------------+
; Parameter Settings for User Entity Instance: memoriaRAM:RAM1 ;
+----------------+-------+-------------------------------------+
; Parameter Name ; Value ; Type                                ;
+----------------+-------+-------------------------------------+
; datawidth      ; 8     ; Signed Integer                      ;
; addrwidth      ; 6     ; Signed Integer                      ;
+----------------+-------+-------------------------------------+
Note: In order to hide this table in the UI and the text report file, please set the "Show Parameter Settings in Synthesis Report" option in "Analysis and Synthesis Settings -> More Settings" to "Off".


+---------------------------------------------------------------------------+
; Parameter Settings for User Entity Instance: registradorGenerico:REG_LEDR ;
+----------------+-------+--------------------------------------------------+
; Parameter Name ; Value ; Type                                             ;
+----------------+-------+--------------------------------------------------+
; larguradados   ; 8     ; Signed Integer                                   ;
+----------------+-------+--------------------------------------------------+
Note: In order to hide this table in the UI and the text report file, please set the "Show Parameter Settings in Synthesis Report" option in "Analysis and Synthesis Settings -> More Settings" to "Off".


+---------------------------------------------------------------------------+
; Parameter Settings for User Entity Instance: registradorGenerico:REG_HEX0 ;
+----------------+-------+--------------------------------------------------+
; Parameter Name ; Value ; Type                                             ;
+----------------+-------+--------------------------------------------------+
; larguradados   ; 4     ; Signed Integer                                   ;
+----------------+-------+--------------------------------------------------+
Note: In order to hide this table in the UI and the text report file, please set the "Show Parameter Settings in Synthesis Report" option in "Analysis and Synthesis Settings -> More Settings" to "Off".


+---------------------------------------------------------------------------+
; Parameter Settings for User Entity Instance: registradorGenerico:REG_HEX1 ;
+----------------+-------+--------------------------------------------------+
; Parameter Name ; Value ; Type                                             ;
+----------------+-------+--------------------------------------------------+
; larguradados   ; 4     ; Signed Integer                                   ;
+----------------+-------+--------------------------------------------------+
Note: In order to hide this table in the UI and the text report file, please set the "Show Parameter Settings in Synthesis Report" option in "Analysis and Synthesis Settings -> More Settings" to "Off".


+---------------------------------------------------------------------------+
; Parameter Settings for User Entity Instance: registradorGenerico:REG_HEX2 ;
+----------------+-------+--------------------------------------------------+
; Parameter Name ; Value ; Type                                             ;
+----------------+-------+--------------------------------------------------+
; larguradados   ; 4     ; Signed Integer                                   ;
+----------------+-------+--------------------------------------------------+
Note: In order to hide this table in the UI and the text report file, please set the "Show Parameter Settings in Synthesis Report" option in "Analysis and Synthesis Settings -> More Settings" to "Off".


+---------------------------------------------------------------------------+
; Parameter Settings for User Entity Instance: registradorGenerico:REG_HEX3 ;
+----------------+-------+--------------------------------------------------+
; Parameter Name ; Value ; Type                                             ;
+----------------+-------+--------------------------------------------------+
; larguradados   ; 4     ; Signed Integer                                   ;
+----------------+-------+--------------------------------------------------+
Note: In order to hide this table in the UI and the text report file, please set the "Show Parameter Settings in Synthesis Report" option in "Analysis and Synthesis Settings -> More Settings" to "Off".


+---------------------------------------------------------------------------+
; Parameter Settings for User Entity Instance: registradorGenerico:REG_HEX4 ;
+----------------+-------+--------------------------------------------------+
; Parameter Name ; Value ; Type                                             ;
+----------------+-------+--------------------------------------------------+
; larguradados   ; 4     ; Signed Integer                                   ;
+----------------+-------+--------------------------------------------------+
Note: In order to hide this table in the UI and the text report file, please set the "Show Parameter Settings in Synthesis Report" option in "Analysis and Synthesis Settings -> More Settings" to "Off".


+---------------------------------------------------------------------------+
; Parameter Settings for User Entity Instance: registradorGenerico:REG_HEX5 ;
+----------------+-------+--------------------------------------------------+
; Parameter Name ; Value ; Type                                             ;
+----------------+-------+--------------------------------------------------+
; larguradados   ; 4     ; Signed Integer                                   ;
+----------------+-------+--------------------------------------------------+
Note: In order to hide this table in the UI and the text report file, please set the "Show Parameter Settings in Synthesis Report" option in "Analysis and Synthesis Settings -> More Settings" to "Off".


+----------------------------------------------+
; Port Connectivity Checks: "flipFlop:FF_KEY2" ;
+--------+-------+----------+------------------+
; Port   ; Type  ; Severity ; Details          ;
+--------+-------+----------+------------------+
; din    ; Input ; Info     ; Stuck at VCC     ;
; enable ; Input ; Info     ; Stuck at VCC     ;
+--------+-------+----------+------------------+


+----------------------------------------------+
; Port Connectivity Checks: "flipFlop:FF_KEY1" ;
+--------+-------+----------+------------------+
; Port   ; Type  ; Severity ; Details          ;
+--------+-------+----------+------------------+
; din    ; Input ; Info     ; Stuck at VCC     ;
; enable ; Input ; Info     ; Stuck at VCC     ;
+--------+-------+----------+------------------+


+----------------------------------------------+
; Port Connectivity Checks: "flipFlop:FF_KEY0" ;
+--------+-------+----------+------------------+
; Port   ; Type  ; Severity ; Details          ;
+--------+-------+----------+------------------+
; din    ; Input ; Info     ; Stuck at VCC     ;
; enable ; Input ; Info     ; Stuck at VCC     ;
+--------+-------+----------+------------------+


+-------------------------------------------------------+
; Port Connectivity Checks: "conversorHex7Seg:DEC_HEX5" ;
+----------+-------+----------+-------------------------+
; Port     ; Type  ; Severity ; Details                 ;
+----------+-------+----------+-------------------------+
; apaga    ; Input ; Info     ; Stuck at GND            ;
; negativo ; Input ; Info     ; Stuck at GND            ;
; overflow ; Input ; Info     ; Stuck at GND            ;
+----------+-------+----------+-------------------------+


+-------------------------------------------------------+
; Port Connectivity Checks: "conversorHex7Seg:DEC_HEX4" ;
+----------+-------+----------+-------------------------+
; Port     ; Type  ; Severity ; Details                 ;
+----------+-------+----------+-------------------------+
; apaga    ; Input ; Info     ; Stuck at GND            ;
; negativo ; Input ; Info     ; Stuck at GND            ;
; overflow ; Input ; Info     ; Stuck at GND            ;
+----------+-------+----------+-------------------------+


+-------------------------------------------------------+
; Port Connectivity Checks: "conversorHex7Seg:DEC_HEX3" ;
+----------+-------+----------+-------------------------+
; Port     ; Type  ; Severity ; Details                 ;
+----------+-------+----------+-------------------------+
; apaga    ; Input ; Info     ; Stuck at GND            ;
; negativo ; Input ; Info     ; Stuck at GND            ;
; overflow ; Input ; Info     ; Stuck at GND            ;
+----------+-------+----------+-------------------------+


+-------------------------------------------------------+
; Port Connectivity Checks: "conversorHex7Seg:DEC_HEX2" ;
+----------+-------+----------+-------------------------+
; Port     ; Type  ; Severity ; Details                 ;
+----------+-------+----------+-------------------------+
; apaga    ; Input ; Info     ; Stuck at GND            ;
; negativo ; Input ; Info     ; Stuck at GND            ;
; overflow ; Input ; Info     ; Stuck at GND            ;
+----------+-------+----------+-------------------------+


+-------------------------------------------------------+
; Port Connectivity Checks: "conversorHex7Seg:DEC_HEX1" ;
+----------+-------+----------+-------------------------+
; Port     ; Type  ; Severity ; Details                 ;
+----------+-------+----------+-------------------------+
; apaga    ; Input ; Info     ; Stuck at GND            ;
; negativo ; Input ; Info     ; Stuck at GND            ;
; overflow ; Input ; Info     ; Stuck at GND            ;
+----------+-------+----------+-------------------------+


+-------------------------------------------------------+
; Port Connectivity Checks: "conversorHex7Seg:DEC_HEX0" ;
+----------+-------+----------+-------------------------+
; Port     ; Type  ; Severity ; Details                 ;
+----------+-------+----------+-------------------------+
; apaga    ; Input ; Info     ; Stuck at GND            ;
; negativo ; Input ; Info     ; Stuck at GND            ;
; overflow ; Input ; Info     ; Stuck at GND            ;
+----------+-------+----------+-------------------------+


+----------------------------------------------------------+
; Port Connectivity Checks: "registradorGenerico:REG_HEX5" ;
+------+-------+----------+--------------------------------+
; Port ; Type  ; Severity ; Details                        ;
+------+-------+----------+--------------------------------+
; rst  ; Input ; Info     ; Stuck at GND                   ;
+------+-------+----------+--------------------------------+


+----------------------------------------------------------+
; Port Connectivity Checks: "registradorGenerico:REG_HEX4" ;
+------+-------+----------+--------------------------------+
; Port ; Type  ; Severity ; Details                        ;
+------+-------+----------+--------------------------------+
; rst  ; Input ; Info     ; Stuck at GND                   ;
+------+-------+----------+--------------------------------+


+----------------------------------------------------------+
; Port Connectivity Checks: "registradorGenerico:REG_HEX3" ;
+------+-------+----------+--------------------------------+
; Port ; Type  ; Severity ; Details                        ;
+------+-------+----------+--------------------------------+
; rst  ; Input ; Info     ; Stuck at GND                   ;
+------+-------+----------+--------------------------------+


+----------------------------------------------------------+
; Port Connectivity Checks: "registradorGenerico:REG_HEX2" ;
+------+-------+----------+--------------------------------+
; Port ; Type  ; Severity ; Details                        ;
+------+-------+----------+--------------------------------+
; rst  ; Input ; Info     ; Stuck at GND                   ;
+------+-------+----------+--------------------------------+


+----------------------------------------------------------+
; Port Connectivity Checks: "registradorGenerico:REG_HEX1" ;
+------+-------+----------+--------------------------------+
; Port ; Type  ; Severity ; Details                        ;
+------+-------+----------+--------------------------------+
; rst  ; Input ; Info     ; Stuck at GND                   ;
+------+-------+----------+--------------------------------+


+----------------------------------------------------------+
; Port Connectivity Checks: "registradorGenerico:REG_HEX0" ;
+------+-------+----------+--------------------------------+
; Port ; Type  ; Severity ; Details                        ;
+------+-------+----------+--------------------------------+
; rst  ; Input ; Info     ; Stuck at GND                   ;
+------+-------+----------+--------------------------------+


+----------------------------------------------+
; Port Connectivity Checks: "flipFlop:FF_LED9" ;
+------+-------+----------+--------------------+
; Port ; Type  ; Severity ; Details            ;
+------+-------+----------+--------------------+
; rst  ; Input ; Info     ; Stuck at GND       ;
+------+-------+----------+--------------------+


+----------------------------------------------+
; Port Connectivity Checks: "flipFlop:FF_LED8" ;
+------+-------+----------+--------------------+
; Port ; Type  ; Severity ; Details            ;
+------+-------+----------+--------------------+
; rst  ; Input ; Info     ; Stuck at GND       ;
+------+-------+----------+--------------------+


+----------------------------------------------------------+
; Port Connectivity Checks: "registradorGenerico:REG_LEDR" ;
+------+-------+----------+--------------------------------+
; Port ; Type  ; Severity ; Details                        ;
+------+-------+----------+--------------------------------+
; rst  ; Input ; Info     ; Stuck at GND                   ;
+------+-------+----------+--------------------------------+


+-----------------------------------------------------------------------------------------------------------------------+
; Port Connectivity Checks: "decoder3x8:decoderEnderecos"                                                               ;
+-------------+--------+----------+-------------------------------------------------------------------------------------+
; Port        ; Type   ; Severity ; Details                                                                             ;
+-------------+--------+----------+-------------------------------------------------------------------------------------+
; saida[7..6] ; Output ; Info     ; Connected to dangling logic. Logic that only feeds a dangling port will be removed. ;
+-------------+--------+----------+-------------------------------------------------------------------------------------+


+-----------------------------------------------------------------------------------------------------------------------+
; Port Connectivity Checks: "decoder3x8:decoderBlocos"                                                                  ;
+-------------+--------+----------+-------------------------------------------------------------------------------------+
; Port        ; Type   ; Severity ; Details                                                                             ;
+-------------+--------+----------+-------------------------------------------------------------------------------------+
; saida[7..6] ; Output ; Info     ; Connected to dangling logic. Logic that only feeds a dangling port will be removed. ;
; saida[3..1] ; Output ; Info     ; Connected to dangling logic. Logic that only feeds a dangling port will be removed. ;
+-------------+--------+----------+-------------------------------------------------------------------------------------+


+--------------------------------------------------------------+
; Port Connectivity Checks: "CPU:U_CPU|registradorGenerico:PC" ;
+--------+-------+----------+----------------------------------+
; Port   ; Type  ; Severity ; Details                          ;
+--------+-------+----------+----------------------------------+
; enable ; Input ; Info     ; Stuck at VCC                     ;
+--------+-------+----------+----------------------------------+


+--------------------------------------------------------------+
; Port Connectivity Checks: "CPU:U_CPU|muxGenerico4x1:MUX_JMP" ;
+--------------+-------+----------+----------------------------+
; Port         ; Type  ; Severity ; Details                    ;
+--------------+-------+----------+----------------------------+
; entrada3_mux ; Input ; Info     ; Stuck at GND               ;
+--------------+-------+----------+----------------------------+


+-----------------------------------------+
; Port Connectivity Checks: "CPU:U_CPU"   ;
+-------+-------+----------+--------------+
; Port  ; Type  ; Severity ; Details      ;
+-------+-------+----------+--------------+
; reset ; Input ; Info     ; Stuck at GND ;
+-------+-------+----------+--------------+


+-----------------------------------------------------+
; Post-Synthesis Netlist Statistics for Top Partition ;
+-----------------------+-----------------------------+
; Type                  ; Count                       ;
+-----------------------+-----------------------------+
; arriav_ff             ; 579                         ;
;     CLR               ; 3                           ;
;     ENA               ; 553                         ;
;     ENA SLD           ; 8                           ;
;     plain             ; 15                          ;
; arriav_lcell_comb     ; 551                         ;
;     arith             ; 18                          ;
;         1 data inputs ; 9                           ;
;         2 data inputs ; 1                           ;
;         4 data inputs ; 8                           ;
;     extend            ; 2                           ;
;         7 data inputs ; 2                           ;
;     normal            ; 531                         ;
;         1 data inputs ; 3                           ;
;         2 data inputs ; 69                          ;
;         3 data inputs ; 7                           ;
;         4 data inputs ; 72                          ;
;         5 data inputs ; 43                          ;
;         6 data inputs ; 337                         ;
; boundary_port         ; 68                          ;
;                       ;                             ;
; Max LUT depth         ; 10.50                       ;
; Average LUT depth     ; 7.10                        ;
+-----------------------+-----------------------------+


+-------------------------------+
; Elapsed Time Per Partition    ;
+----------------+--------------+
; Partition Name ; Elapsed Time ;
+----------------+--------------+
; Top            ; 00:00:02     ;
+----------------+--------------+


+-------------------------------+
; Analysis & Synthesis Messages ;
+-------------------------------+
Info: *******************************************************************
Info: Running Quartus Prime Analysis & Synthesis
    Info: Version 20.1.0 Build 711 06/05/2020 SJ Lite Edition
    Info: Processing started: Mon Oct 21 23:41:08 2024
Info: Command: quartus_map --read_settings_files=on --write_settings_files=off contador -c contador
Warning (18236): Number of processors has not been specified which may cause overloading on shared machines.  Set the global assignment NUM_PARALLEL_PROCESSORS in your QSF to an appropriate value for best performance.
Info (20030): Parallel compilation is enabled and will use 14 of the 14 processors detected
Info (12021): Found 2 design units, including 1 entities, in source file buffer_3_state_1porta.vhd
    Info (12022): Found design unit 1: buffer_3_state_1porta-comportamento File: /home/brnoschsaloli/Documents/DesComp/projetos/descomp_projeto1/contador/buffer_3_state_1porta.vhd Line: 12
    Info (12023): Found entity 1: buffer_3_state_1porta File: /home/brnoschsaloli/Documents/DesComp/projetos/descomp_projeto1/contador/buffer_3_state_1porta.vhd Line: 4
Info (12021): Found 2 design units, including 1 entities, in source file registradorGenerico.vhd
    Info (12022): Found design unit 1: registradorGenerico-comportamento File: /home/brnoschsaloli/Documents/DesComp/projetos/descomp_projeto1/contador/registradorGenerico.vhd Line: 16
    Info (12023): Found entity 1: registradorGenerico File: /home/brnoschsaloli/Documents/DesComp/projetos/descomp_projeto1/contador/registradorGenerico.vhd Line: 5
Info (12021): Found 2 design units, including 1 entities, in source file decoderInstru.vhd
    Info (12022): Found design unit 1: decoderInstru-comportamento File: /home/brnoschsaloli/Documents/DesComp/projetos/descomp_projeto1/contador/decoderInstru.vhd Line: 10
    Info (12023): Found entity 1: decoderInstru File: /home/brnoschsaloli/Documents/DesComp/projetos/descomp_projeto1/contador/decoderInstru.vhd Line: 4
Info (12021): Found 2 design units, including 1 entities, in source file muxGenerico2x1.vhd
    Info (12022): Found design unit 1: muxGenerico2x1-comportamento File: /home/brnoschsaloli/Documents/DesComp/projetos/descomp_projeto1/contador/muxGenerico2x1.vhd Line: 14
    Info (12023): Found entity 1: muxGenerico2x1 File: /home/brnoschsaloli/Documents/DesComp/projetos/descomp_projeto1/contador/muxGenerico2x1.vhd Line: 4
Info (12021): Found 2 design units, including 1 entities, in source file buffer_3_state_8portas.vhd
    Info (12022): Found design unit 1: buffer_3_state_8portas-comportamento File: /home/brnoschsaloli/Documents/DesComp/projetos/descomp_projeto1/contador/buffer_3_state_8portas.vhd Line: 12
    Info (12023): Found entity 1: buffer_3_state_8portas File: /home/brnoschsaloli/Documents/DesComp/projetos/descomp_projeto1/contador/buffer_3_state_8portas.vhd Line: 4
Info (12021): Found 3 design units, including 1 entities, in source file edgeDetector.vhd
    Info (12022): Found design unit 1: edgeDetector-bordaSubida File: /home/brnoschsaloli/Documents/DesComp/projetos/descomp_projeto1/contador/edgeDetector.vhd Line: 10
    Info (12022): Found design unit 2: edgeDetector-bordaDescida File: /home/brnoschsaloli/Documents/DesComp/projetos/descomp_projeto1/contador/edgeDetector.vhd Line: 23
    Info (12023): Found entity 1: edgeDetector File: /home/brnoschsaloli/Documents/DesComp/projetos/descomp_projeto1/contador/edgeDetector.vhd Line: 4
Info (12021): Found 2 design units, including 1 entities, in source file muxGenerico4x1.vhd
    Info (12022): Found design unit 1: muxGenerico4x1-comportamento File: /home/brnoschsaloli/Documents/DesComp/projetos/descomp_projeto1/contador/muxGenerico4x1.vhd Line: 15
    Info (12023): Found entity 1: muxGenerico4x1 File: /home/brnoschsaloli/Documents/DesComp/projetos/descomp_projeto1/contador/muxGenerico4x1.vhd Line: 4
Info (12021): Found 2 design units, including 1 entities, in source file logicaDeDesvio.vhd
    Info (12022): Found design unit 1: logicaDeDesvio-comportamento File: /home/brnoschsaloli/Documents/DesComp/projetos/descomp_projeto1/contador/logicaDeDesvio.vhd Line: 14
    Info (12023): Found entity 1: logicaDeDesvio File: /home/brnoschsaloli/Documents/DesComp/projetos/descomp_projeto1/contador/logicaDeDesvio.vhd Line: 4
Info (12021): Found 2 design units, including 1 entities, in source file memoriaRAM.vhd
    Info (12022): Found design unit 1: memoriaRAM-rtl File: /home/brnoschsaloli/Documents/DesComp/projetos/descomp_projeto1/contador/memoriaRAM.vhd Line: 22
    Info (12023): Found entity 1: memoriaRAM File: /home/brnoschsaloli/Documents/DesComp/projetos/descomp_projeto1/contador/memoriaRAM.vhd Line: 6
Info (12021): Found 2 design units, including 1 entities, in source file conversorHex7Seg.vhd
    Info (12022): Found design unit 1: conversorHex7Seg-comportamento File: /home/brnoschsaloli/Documents/DesComp/projetos/descomp_projeto1/contador/conversorHex7Seg.vhd Line: 17
    Info (12023): Found entity 1: conversorHex7Seg File: /home/brnoschsaloli/Documents/DesComp/projetos/descomp_projeto1/contador/conversorHex7Seg.vhd Line: 4
Info (12021): Found 2 design units, including 1 entities, in source file memoriaR0M.vhd
    Info (12022): Found design unit 1: memoriaROM-assincrona File: /home/brnoschsaloli/Documents/DesComp/projetos/descomp_projeto1/contador/memoriaR0M.vhd Line: 16
    Info (12023): Found entity 1: memoriaROM File: /home/brnoschsaloli/Documents/DesComp/projetos/descomp_projeto1/contador/memoriaR0M.vhd Line: 5
Info (12021): Found 2 design units, including 1 entities, in source file decoder3X8.vhd
    Info (12022): Found design unit 1: decoder3x8-comportamento File: /home/brnoschsaloli/Documents/DesComp/projetos/descomp_projeto1/contador/decoder3X8.vhd Line: 11
    Info (12023): Found entity 1: decoder3x8 File: /home/brnoschsaloli/Documents/DesComp/projetos/descomp_projeto1/contador/decoder3X8.vhd Line: 5
Info (12021): Found 2 design units, including 1 entities, in source file CPU.vhd
    Info (12022): Found design unit 1: CPU-arquitetura File: /home/brnoschsaloli/Documents/DesComp/projetos/descomp_projeto1/contador/CPU.vhd Line: 27
    Info (12023): Found entity 1: CPU File: /home/brnoschsaloli/Documents/DesComp/projetos/descomp_projeto1/contador/CPU.vhd Line: 4
Info (12021): Found 2 design units, including 1 entities, in source file somaConstante.vhd
    Info (12022): Found design unit 1: somaConstante-comportamento File: /home/brnoschsaloli/Documents/DesComp/projetos/descomp_projeto1/contador/somaConstante.vhd Line: 19
    Info (12023): Found entity 1: somaConstante File: /home/brnoschsaloli/Documents/DesComp/projetos/descomp_projeto1/contador/somaConstante.vhd Line: 6
Info (12021): Found 2 design units, including 1 entities, in source file flipFlop.vhd
    Info (12022): Found design unit 1: flipFlop-comportamento File: /home/brnoschsaloli/Documents/DesComp/projetos/descomp_projeto1/contador/flipFlop.vhd Line: 13
    Info (12023): Found entity 1: flipFlop File: /home/brnoschsaloli/Documents/DesComp/projetos/descomp_projeto1/contador/flipFlop.vhd Line: 4
Info (12021): Found 2 design units, including 1 entities, in source file ULASomaSub.vhd
    Info (12022): Found design unit 1: ULASomaSub-comportamento File: /home/brnoschsaloli/Documents/DesComp/projetos/descomp_projeto1/contador/ULASomaSub.vhd Line: 15
    Info (12023): Found entity 1: ULASomaSub File: /home/brnoschsaloli/Documents/DesComp/projetos/descomp_projeto1/contador/ULASomaSub.vhd Line: 5
Info (12021): Found 2 design units, including 1 entities, in source file contador.vhd
    Info (12022): Found design unit 1: contador-arquitetura File: /home/brnoschsaloli/Documents/DesComp/projetos/descomp_projeto1/contador/contador.vhd Line: 30
    Info (12023): Found entity 1: contador File: /home/brnoschsaloli/Documents/DesComp/projetos/descomp_projeto1/contador/contador.vhd Line: 4
Info (12127): Elaborating entity "contador" for the top level hierarchy
Info (12128): Elaborating entity "CPU" for hierarchy "CPU:U_CPU" File: /home/brnoschsaloli/Documents/DesComp/projetos/descomp_projeto1/contador/contador.vhd Line: 88
Info (12128): Elaborating entity "muxGenerico2x1" for hierarchy "CPU:U_CPU|muxGenerico2x1:MUX_ULA" File: /home/brnoschsaloli/Documents/DesComp/projetos/descomp_projeto1/contador/CPU.vhd Line: 52
Info (12128): Elaborating entity "muxGenerico4x1" for hierarchy "CPU:U_CPU|muxGenerico4x1:MUX_JMP" File: /home/brnoschsaloli/Documents/DesComp/projetos/descomp_projeto1/contador/CPU.vhd Line: 58
Info (12128): Elaborating entity "registradorGenerico" for hierarchy "CPU:U_CPU|registradorGenerico:REGA" File: /home/brnoschsaloli/Documents/DesComp/projetos/descomp_projeto1/contador/CPU.vhd Line: 67
Info (12128): Elaborating entity "registradorGenerico" for hierarchy "CPU:U_CPU|registradorGenerico:REG_RETORNO" File: /home/brnoschsaloli/Documents/DesComp/projetos/descomp_projeto1/contador/CPU.vhd Line: 70
Info (12128): Elaborating entity "flipFlop" for hierarchy "CPU:U_CPU|flipFlop:FLAG" File: /home/brnoschsaloli/Documents/DesComp/projetos/descomp_projeto1/contador/CPU.vhd Line: 73
Info (12128): Elaborating entity "somaConstante" for hierarchy "CPU:U_CPU|somaConstante:incrementaPC" File: /home/brnoschsaloli/Documents/DesComp/projetos/descomp_projeto1/contador/CPU.vhd Line: 80
Info (12128): Elaborating entity "ULASomaSub" for hierarchy "CPU:U_CPU|ULASomaSub:ULA1" File: /home/brnoschsaloli/Documents/DesComp/projetos/descomp_projeto1/contador/CPU.vhd Line: 85
Info (12128): Elaborating entity "decoderInstru" for hierarchy "CPU:U_CPU|decoderInstru:decoderI" File: /home/brnoschsaloli/Documents/DesComp/projetos/descomp_projeto1/contador/CPU.vhd Line: 88
Info (12128): Elaborating entity "logicaDeDesvio" for hierarchy "CPU:U_CPU|logicaDeDesvio:desvio_inst" File: /home/brnoschsaloli/Documents/DesComp/projetos/descomp_projeto1/contador/CPU.vhd Line: 94
Info (12128): Elaborating entity "memoriaROM" for hierarchy "memoriaROM:ROM1" File: /home/brnoschsaloli/Documents/DesComp/projetos/descomp_projeto1/contador/contador.vhd Line: 102
Info (12128): Elaborating entity "memoriaRAM" for hierarchy "memoriaRAM:RAM1" File: /home/brnoschsaloli/Documents/DesComp/projetos/descomp_projeto1/contador/contador.vhd Line: 105
Info (12128): Elaborating entity "decoder3x8" for hierarchy "decoder3x8:decoderBlocos" File: /home/brnoschsaloli/Documents/DesComp/projetos/descomp_projeto1/contador/contador.vhd Line: 108
Info (12128): Elaborating entity "registradorGenerico" for hierarchy "registradorGenerico:REG_HEX0" File: /home/brnoschsaloli/Documents/DesComp/projetos/descomp_projeto1/contador/contador.vhd Line: 125
Info (12128): Elaborating entity "conversorHex7Seg" for hierarchy "conversorHex7Seg:DEC_HEX0" File: /home/brnoschsaloli/Documents/DesComp/projetos/descomp_projeto1/contador/contador.vhd Line: 143
Info (12128): Elaborating entity "buffer_3_state_8portas" for hierarchy "buffer_3_state_8portas:SW7TO0_TRI" File: /home/brnoschsaloli/Documents/DesComp/projetos/descomp_projeto1/contador/contador.vhd Line: 185
Info (12128): Elaborating entity "buffer_3_state_1porta" for hierarchy "buffer_3_state_1porta:SW8_TRI" File: /home/brnoschsaloli/Documents/DesComp/projetos/descomp_projeto1/contador/contador.vhd Line: 188
Info (12129): Elaborating entity "edgeDetector" using architecture "A:bordasubida" for hierarchy "edgeDetector:DETECTORKEY0" File: /home/brnoschsaloli/Documents/DesComp/projetos/descomp_projeto1/contador/contador.vhd Line: 209
Info (276014): Found 1 instances of uninferred RAM logic
    Info (276007): RAM logic "memoriaRAM:RAM1|ram" is uninferred due to asynchronous read logic File: /home/brnoschsaloli/Documents/DesComp/projetos/descomp_projeto1/contador/memoriaRAM.vhd Line: 28
Warning (13046): Tri-state node(s) do not directly drive top-level pin(s)
    Warning (13048): Converted tri-state node "DATA_IN[7]" into a selector File: /home/brnoschsaloli/Documents/DesComp/projetos/descomp_projeto1/contador/muxGenerico2x1.vhd Line: 10
    Warning (13048): Converted tri-state node "DATA_IN[6]" into a selector File: /home/brnoschsaloli/Documents/DesComp/projetos/descomp_projeto1/contador/muxGenerico2x1.vhd Line: 10
    Warning (13048): Converted tri-state node "DATA_IN[5]" into a selector File: /home/brnoschsaloli/Documents/DesComp/projetos/descomp_projeto1/contador/muxGenerico2x1.vhd Line: 10
    Warning (13048): Converted tri-state node "DATA_IN[4]" into a selector File: /home/brnoschsaloli/Documents/DesComp/projetos/descomp_projeto1/contador/muxGenerico2x1.vhd Line: 10
    Warning (13048): Converted tri-state node "DATA_IN[3]" into a selector File: /home/brnoschsaloli/Documents/DesComp/projetos/descomp_projeto1/contador/muxGenerico2x1.vhd Line: 10
    Warning (13048): Converted tri-state node "DATA_IN[2]" into a selector File: /home/brnoschsaloli/Documents/DesComp/projetos/descomp_projeto1/contador/muxGenerico2x1.vhd Line: 10
    Warning (13048): Converted tri-state node "DATA_IN[1]" into a selector File: /home/brnoschsaloli/Documents/DesComp/projetos/descomp_projeto1/contador/muxGenerico2x1.vhd Line: 10
    Warning (13048): Converted tri-state node "DATA_IN[0]" into a selector File: /home/brnoschsaloli/Documents/DesComp/projetos/descomp_projeto1/contador/muxGenerico2x1.vhd Line: 10
Info (286030): Timing-Driven Synthesis is running
Info (16010): Generating hard_block partition "hard_block:auto_generated_inst"
    Info (16011): Adding 0 node(s), including 0 DDIO, 0 PLL, 0 transceiver and 0 LCELL
Info (21057): Implemented 1183 device resources after synthesis - the final resource count might be different
    Info (21058): Implemented 16 input pins
    Info (21059): Implemented 52 output pins
    Info (21061): Implemented 1115 logic cells
Info: Quartus Prime Analysis & Synthesis was successful. 0 errors, 10 warnings
    Info: Peak virtual memory: 551 megabytes
    Info: Processing ended: Mon Oct 21 23:41:14 2024
    Info: Elapsed time: 00:00:06
    Info: Total CPU time (on all processors): 00:00:16


