------------------------------------------------------------
Timing Analyzer Summary
------------------------------------------------------------

Type  : Slow 1100mV 85C Model Setup 'CLOCK_50'
Slack : -9.471
TNS   : -4869.331

Type  : Slow 1100mV 85C Model Setup 'driverVGA:VGA|pixel_clk'
Slack : -8.375
TNS   : -406.200

Type  : Slow 1100mV 85C Model Hold 'driverVGA:VGA|pixel_clk'
Slack : 0.412
TNS   : 0.000

Type  : Slow 1100mV 85C Model Hold 'CLOCK_50'
Slack : 0.443
TNS   : 0.000

Type  : Slow 1100mV 85C Model Recovery 'divisorGenerico:divisor|tick'
Slack : -7.394
TNS   : -7.394

Type  : Slow 1100mV 85C Model Recovery 'KEY[1]'
Slack : -4.970
TNS   : -4.970

Type  : Slow 1100mV 85C Model Recovery 'KEY[2]'
Slack : -4.698
TNS   : -4.698

Type  : Slow 1100mV 85C Model Removal 'KEY[1]'
Slack : 1.094
TNS   : 0.000

Type  : Slow 1100mV 85C Model Removal 'KEY[2]'
Slack : 1.383
TNS   : 0.000

Type  : Slow 1100mV 85C Model Removal 'divisorGenerico:divisor|tick'
Slack : 3.972
TNS   : 0.000

Type  : Slow 1100mV 85C Model Minimum Pulse Width 'CLOCK_50'
Slack : -2.636
TNS   : -653.625

Type  : Slow 1100mV 85C Model Minimum Pulse Width 'driverVGA:VGA|pixel_clk'
Slack : -2.636
TNS   : -98.219

Type  : Slow 1100mV 85C Model Minimum Pulse Width 'KEY[2]'
Slack : -0.538
TNS   : -0.900

Type  : Slow 1100mV 85C Model Minimum Pulse Width 'divisorGenerico:divisor|tick'
Slack : -0.538
TNS   : -0.864

Type  : Slow 1100mV 85C Model Minimum Pulse Width 'KEY[1]'
Slack : -0.538
TNS   : -0.863

Type  : Slow 1100mV 0C Model Setup 'CLOCK_50'
Slack : -9.427
TNS   : -4744.214

Type  : Slow 1100mV 0C Model Setup 'driverVGA:VGA|pixel_clk'
Slack : -8.595
TNS   : -406.317

Type  : Slow 1100mV 0C Model Hold 'driverVGA:VGA|pixel_clk'
Slack : 0.378
TNS   : 0.000

Type  : Slow 1100mV 0C Model Hold 'CLOCK_50'
Slack : 0.398
TNS   : 0.000

Type  : Slow 1100mV 0C Model Recovery 'divisorGenerico:divisor|tick'
Slack : -7.612
TNS   : -7.612

Type  : Slow 1100mV 0C Model Recovery 'KEY[1]'
Slack : -5.120
TNS   : -5.120

Type  : Slow 1100mV 0C Model Recovery 'KEY[2]'
Slack : -4.917
TNS   : -4.917

Type  : Slow 1100mV 0C Model Removal 'KEY[1]'
Slack : 1.267
TNS   : 0.000

Type  : Slow 1100mV 0C Model Removal 'KEY[2]'
Slack : 1.445
TNS   : 0.000

Type  : Slow 1100mV 0C Model Removal 'divisorGenerico:divisor|tick'
Slack : 4.103
TNS   : 0.000

Type  : Slow 1100mV 0C Model Minimum Pulse Width 'CLOCK_50'
Slack : -2.636
TNS   : -587.044

Type  : Slow 1100mV 0C Model Minimum Pulse Width 'driverVGA:VGA|pixel_clk'
Slack : -2.636
TNS   : -97.291

Type  : Slow 1100mV 0C Model Minimum Pulse Width 'KEY[1]'
Slack : -0.538
TNS   : -0.905

Type  : Slow 1100mV 0C Model Minimum Pulse Width 'KEY[2]'
Slack : -0.538
TNS   : -0.892

Type  : Slow 1100mV 0C Model Minimum Pulse Width 'divisorGenerico:divisor|tick'
Slack : -0.538
TNS   : -0.886

Type  : Fast 1100mV 85C Model Setup 'CLOCK_50'
Slack : -4.692
TNS   : -2268.324

Type  : Fast 1100mV 85C Model Setup 'driverVGA:VGA|pixel_clk'
Slack : -3.978
TNS   : -183.051

Type  : Fast 1100mV 85C Model Hold 'driverVGA:VGA|pixel_clk'
Slack : 0.145
TNS   : 0.000

Type  : Fast 1100mV 85C Model Hold 'CLOCK_50'
Slack : 0.201
TNS   : 0.000

Type  : Fast 1100mV 85C Model Recovery 'divisorGenerico:divisor|tick'
Slack : -3.301
TNS   : -3.301

Type  : Fast 1100mV 85C Model Recovery 'KEY[1]'
Slack : -1.984
TNS   : -1.984

Type  : Fast 1100mV 85C Model Recovery 'KEY[2]'
Slack : -1.732
TNS   : -1.732

Type  : Fast 1100mV 85C Model Removal 'KEY[2]'
Slack : 0.250
TNS   : 0.000

Type  : Fast 1100mV 85C Model Removal 'KEY[1]'
Slack : 0.260
TNS   : 0.000

Type  : Fast 1100mV 85C Model Removal 'divisorGenerico:divisor|tick'
Slack : 1.746
TNS   : 0.000

Type  : Fast 1100mV 85C Model Minimum Pulse Width 'CLOCK_50'
Slack : -2.174
TNS   : -356.435

Type  : Fast 1100mV 85C Model Minimum Pulse Width 'driverVGA:VGA|pixel_clk'
Slack : -2.174
TNS   : -34.107

Type  : Fast 1100mV 85C Model Minimum Pulse Width 'KEY[2]'
Slack : -0.500
TNS   : -1.482

Type  : Fast 1100mV 85C Model Minimum Pulse Width 'KEY[1]'
Slack : -0.417
TNS   : -1.226

Type  : Fast 1100mV 85C Model Minimum Pulse Width 'divisorGenerico:divisor|tick'
Slack : -0.033
TNS   : -0.033

Type  : Fast 1100mV 0C Model Setup 'CLOCK_50'
Slack : -4.101
TNS   : -1981.621

Type  : Fast 1100mV 0C Model Setup 'driverVGA:VGA|pixel_clk'
Slack : -3.663
TNS   : -162.941

Type  : Fast 1100mV 0C Model Hold 'CLOCK_50'
Slack : 0.086
TNS   : 0.000

Type  : Fast 1100mV 0C Model Hold 'driverVGA:VGA|pixel_clk'
Slack : 0.118
TNS   : 0.000

Type  : Fast 1100mV 0C Model Recovery 'divisorGenerico:divisor|tick'
Slack : -3.075
TNS   : -3.075

Type  : Fast 1100mV 0C Model Recovery 'KEY[1]'
Slack : -1.765
TNS   : -1.765

Type  : Fast 1100mV 0C Model Recovery 'KEY[2]'
Slack : -1.526
TNS   : -1.526

Type  : Fast 1100mV 0C Model Removal 'KEY[1]'
Slack : 0.216
TNS   : 0.000

Type  : Fast 1100mV 0C Model Removal 'KEY[2]'
Slack : 0.225
TNS   : 0.000

Type  : Fast 1100mV 0C Model Removal 'divisorGenerico:divisor|tick'
Slack : 1.676
TNS   : 0.000

Type  : Fast 1100mV 0C Model Minimum Pulse Width 'CLOCK_50'
Slack : -2.174
TNS   : -415.447

Type  : Fast 1100mV 0C Model Minimum Pulse Width 'driverVGA:VGA|pixel_clk'
Slack : -2.174
TNS   : -33.990

Type  : Fast 1100mV 0C Model Minimum Pulse Width 'KEY[2]'
Slack : -0.545
TNS   : -1.664

Type  : Fast 1100mV 0C Model Minimum Pulse Width 'KEY[1]'
Slack : -0.479
TNS   : -1.476

Type  : Fast 1100mV 0C Model Minimum Pulse Width 'divisorGenerico:divisor|tick'
Slack : -0.012
TNS   : -0.012

------------------------------------------------------------
