------------------------------------------------------------
Timing Analyzer Summary
------------------------------------------------------------

Type  : Slow 1100mV 85C Model Setup 'CLOCK_50'
Slack : -10.191
TNS   : -4874.252

Type  : Slow 1100mV 85C Model Setup 'driverVGA:VGA|pixel_clk'
Slack : -8.710
TNS   : -428.206

Type  : Slow 1100mV 85C Model Hold 'CLOCK_50'
Slack : 0.444
TNS   : 0.000

Type  : Slow 1100mV 85C Model Hold 'driverVGA:VGA|pixel_clk'
Slack : 0.447
TNS   : 0.000

Type  : Slow 1100mV 85C Model Recovery 'divisorGenerico:divisor|tick'
Slack : -7.278
TNS   : -14.553

Type  : Slow 1100mV 85C Model Recovery 'KEY[2]'
Slack : -4.627
TNS   : -9.242

Type  : Slow 1100mV 85C Model Recovery 'KEY[1]'
Slack : -4.401
TNS   : -8.796

Type  : Slow 1100mV 85C Model Removal 'KEY[1]'
Slack : 1.223
TNS   : 0.000

Type  : Slow 1100mV 85C Model Removal 'KEY[2]'
Slack : 1.327
TNS   : 0.000

Type  : Slow 1100mV 85C Model Removal 'divisorGenerico:divisor|tick'
Slack : 4.365
TNS   : 0.000

Type  : Slow 1100mV 85C Model Minimum Pulse Width 'CLOCK_50'
Slack : -2.636
TNS   : -653.346

Type  : Slow 1100mV 85C Model Minimum Pulse Width 'driverVGA:VGA|pixel_clk'
Slack : -2.636
TNS   : -101.813

Type  : Slow 1100mV 85C Model Minimum Pulse Width 'KEY[2]'
Slack : -0.538
TNS   : -1.814

Type  : Slow 1100mV 85C Model Minimum Pulse Width 'KEY[1]'
Slack : -0.538
TNS   : -1.728

Type  : Slow 1100mV 85C Model Minimum Pulse Width 'divisorGenerico:divisor|tick'
Slack : -0.538
TNS   : -1.678

Type  : Slow 1100mV 0C Model Setup 'CLOCK_50'
Slack : -10.509
TNS   : -4767.842

Type  : Slow 1100mV 0C Model Setup 'driverVGA:VGA|pixel_clk'
Slack : -8.962
TNS   : -426.306

Type  : Slow 1100mV 0C Model Hold 'CLOCK_50'
Slack : 0.185
TNS   : 0.000

Type  : Slow 1100mV 0C Model Hold 'driverVGA:VGA|pixel_clk'
Slack : 0.418
TNS   : 0.000

Type  : Slow 1100mV 0C Model Recovery 'divisorGenerico:divisor|tick'
Slack : -7.539
TNS   : -15.075

Type  : Slow 1100mV 0C Model Recovery 'KEY[2]'
Slack : -4.882
TNS   : -9.749

Type  : Slow 1100mV 0C Model Recovery 'KEY[1]'
Slack : -4.596
TNS   : -9.185

Type  : Slow 1100mV 0C Model Removal 'KEY[1]'
Slack : 1.381
TNS   : 0.000

Type  : Slow 1100mV 0C Model Removal 'KEY[2]'
Slack : 1.458
TNS   : 0.000

Type  : Slow 1100mV 0C Model Removal 'divisorGenerico:divisor|tick'
Slack : 4.423
TNS   : 0.000

Type  : Slow 1100mV 0C Model Minimum Pulse Width 'CLOCK_50'
Slack : -2.636
TNS   : -585.745

Type  : Slow 1100mV 0C Model Minimum Pulse Width 'driverVGA:VGA|pixel_clk'
Slack : -2.636
TNS   : -100.490

Type  : Slow 1100mV 0C Model Minimum Pulse Width 'KEY[2]'
Slack : -0.538
TNS   : -1.833

Type  : Slow 1100mV 0C Model Minimum Pulse Width 'KEY[1]'
Slack : -0.538
TNS   : -1.794

Type  : Slow 1100mV 0C Model Minimum Pulse Width 'divisorGenerico:divisor|tick'
Slack : -0.538
TNS   : -1.658

Type  : Fast 1100mV 85C Model Setup 'CLOCK_50'
Slack : -4.746
TNS   : -2265.209

Type  : Fast 1100mV 85C Model Setup 'driverVGA:VGA|pixel_clk'
Slack : -4.051
TNS   : -189.542

Type  : Fast 1100mV 85C Model Hold 'CLOCK_50'
Slack : -0.039
TNS   : -0.047

Type  : Fast 1100mV 85C Model Hold 'driverVGA:VGA|pixel_clk'
Slack : 0.149
TNS   : 0.000

Type  : Fast 1100mV 85C Model Recovery 'divisorGenerico:divisor|tick'
Slack : -3.327
TNS   : -6.653

Type  : Fast 1100mV 85C Model Recovery 'KEY[2]'
Slack : -1.857
TNS   : -3.709

Type  : Fast 1100mV 85C Model Recovery 'KEY[1]'
Slack : -1.794
TNS   : -3.586

Type  : Fast 1100mV 85C Model Removal 'KEY[1]'
Slack : 0.305
TNS   : 0.000

Type  : Fast 1100mV 85C Model Removal 'KEY[2]'
Slack : 0.349
TNS   : 0.000

Type  : Fast 1100mV 85C Model Removal 'divisorGenerico:divisor|tick'
Slack : 1.977
TNS   : 0.000

Type  : Fast 1100mV 85C Model Minimum Pulse Width 'CLOCK_50'
Slack : -2.174
TNS   : -357.185

Type  : Fast 1100mV 85C Model Minimum Pulse Width 'driverVGA:VGA|pixel_clk'
Slack : -2.174
TNS   : -34.560

Type  : Fast 1100mV 85C Model Minimum Pulse Width 'KEY[2]'
Slack : -0.460
TNS   : -1.975

Type  : Fast 1100mV 85C Model Minimum Pulse Width 'KEY[1]'
Slack : -0.429
TNS   : -1.788

Type  : Fast 1100mV 85C Model Minimum Pulse Width 'divisorGenerico:divisor|tick'
Slack : 0.016
TNS   : 0.000

Type  : Fast 1100mV 0C Model Setup 'CLOCK_50'
Slack : -4.223
TNS   : -1996.791

Type  : Fast 1100mV 0C Model Setup 'driverVGA:VGA|pixel_clk'
Slack : -3.765
TNS   : -169.410

Type  : Fast 1100mV 0C Model Hold 'CLOCK_50'
Slack : -0.166
TNS   : -0.628

Type  : Fast 1100mV 0C Model Hold 'driverVGA:VGA|pixel_clk'
Slack : 0.122
TNS   : 0.000

Type  : Fast 1100mV 0C Model Recovery 'divisorGenerico:divisor|tick'
Slack : -3.081
TNS   : -6.161

Type  : Fast 1100mV 0C Model Recovery 'KEY[2]'
Slack : -1.648
TNS   : -3.292

Type  : Fast 1100mV 0C Model Recovery 'KEY[1]'
Slack : -1.554
TNS   : -3.106

Type  : Fast 1100mV 0C Model Removal 'KEY[1]'
Slack : 0.223
TNS   : 0.000

Type  : Fast 1100mV 0C Model Removal 'KEY[2]'
Slack : 0.304
TNS   : 0.000

Type  : Fast 1100mV 0C Model Removal 'divisorGenerico:divisor|tick'
Slack : 1.882
TNS   : 0.000

Type  : Fast 1100mV 0C Model Minimum Pulse Width 'CLOCK_50'
Slack : -2.174
TNS   : -415.296

Type  : Fast 1100mV 0C Model Minimum Pulse Width 'driverVGA:VGA|pixel_clk'
Slack : -2.174
TNS   : -34.001

Type  : Fast 1100mV 0C Model Minimum Pulse Width 'KEY[2]'
Slack : -0.519
TNS   : -2.307

Type  : Fast 1100mV 0C Model Minimum Pulse Width 'KEY[1]'
Slack : -0.492
TNS   : -2.158

Type  : Fast 1100mV 0C Model Minimum Pulse Width 'divisorGenerico:divisor|tick'
Slack : 0.034
TNS   : 0.000

------------------------------------------------------------
